hello
world
yes
ok
tutu is  a silly boy
tutu is too tu

new life

new person
